1:xxxxxxxxxx
1:xxxxxxxxxy
1:xxxxxxxxyx
1:xxxxxxxxyy
1:xxxxxxxyxx
1:xxxxxxxyxy
1:xxxxxxxyyx
1:xxxxxxxyyy
1:xxxxxxyxxx
1:xxxxxxyxxy
1:xxxxxxyxyx
1:xxxxxxyxyy
1:xxxxxxyyxx
1:xxxxxxyyxy
1:xxxxxxyyyx
1:xxxxxxyyyy
1:xxxxxyxxxx
1:xxxxxyxxxy
1:xxxxxyxxyx
1:xxxxxyxxyy
1:xxxxxyxyxx
1:xxxxxyxyxy
1:xxxxxyxyyx
1:xxxxxyxyyy
1:xxxxxyyxxx
1:xxxxxyyxxy
1:xxxxxyyxyx
1:xxxxxyyxyy
1:xxxxxyyyxx
1:xxxxxyyyxy
1:xxxxxyyyyx
1:xxxxxyyyyy
1:xxxxyxxxxx
1:xxxxyxxxxy
1:xxxxyxxxyx
1:xxxxyxxxyy
1:xxxxyxxyxx
1:xxxxyxxyxy
1:xxxxyxxyyx
1:xxxxyxxyyy
1:xxxxyxyxxx
1:xxxxyxyxxy
1:xxxxyxyxyx
1:xxxxyxyxyy
1:xxxxyxyyxx
1:xxxxyxyyxy
1:xxxxyxyyyx
1:xxxxyxyyyy
1:xxxxyyxxxx
1:xxxxyyxxxy
1:xxxxyyxxyx
1:xxxxyyxxyy
1:xxxxyyxyxx
1:xxxxyyxyxy
1:xxxxyyxyyx
1:xxxxyyxyyy
1:xxxxyyyxxx
1:xxxxyyyxxy
1:xxxxyyyxyx
1:xxxxyyyxyy
1:xxxxyyyyxx
1:xxxxyyyyxy
1:xxxxyyyyyx
1:xxxxyyyyyy
1:xxxyxxxxxx
1:xxxyxxxxxy
1:xxxyxxxxyx
1:xxxyxxxxyy
1:xxxyxxxyxx
1:xxxyxxxyxy
1:xxxyxxxyyx
1:xxxyxxxyyy
1:xxxyxxyxxx
1:xxxyxxyxxy
1:xxxyxxyxyx
1:xxxyxxyxyy
1:xxxyxxyyxx
1:xxxyxxyyxy
1:xxxyxxyyyx
1:xxxyxxyyyy
1:xxxyxyxxxx
1:xxxyxyxxxy
1:xxxyxyxxyx
1:xxxyxyxxyy
1:xxxyxyxyxx
1:xxxyxyxyxy
1:xxxyxyxyyx
1:xxxyxyxyyy
1:xxxyxyyxxx
1:xxxyxyyxxy
1:xxxyxyyxyx
1:xxxyxyyxyy
1:xxxyxyyyxx
1:xxxyxyyyxy
1:xxxyxyyyyx
1:xxxyxyyyyy
1:xxxyyxxxxx
1:xxxyyxxxxy
1:xxxyyxxxyx
1:xxxyyxxxyy
1:xxxyyxxyxx
1:xxxyyxxyxy
1:xxxyyxxyyx
1:xxxyyxxyyy
1:xxxyyxyxxx
1:xxxyyxyxxy
1:xxxyyxyxyx
1:xxxyyxyxyy
1:xxxyyxyyxx
1:xxxyyxyyxy
1:xxxyyxyyyx
1:xxxyyxyyyy
1:xxxyyyxxxx
1:xxxyyyxxxy
1:xxxyyyxxyx
1:xxxyyyxxyy
1:xxxyyyxyxx
1:xxxyyyxyxy
1:xxxyyyxyyx
1:xxxyyyxyyy
1:xxxyyyyxxx
1:xxxyyyyxxy
1:xxxyyyyxyx
1:xxxyyyyxyy
1:xxxyyyyyxx
1:xxxyyyyyxy
1:xxxyyyyyyx
1:xxxyyyyyyy
1:xxyxxxxxxx
1:xxyxxxxxxy
1:xxyxxxxxyx
1:xxyxxxxxyy
1:xxyxxxxyxx
1:xxyxxxxyxy
1:xxyxxxxyyx
1:xxyxxxxyyy
1:xxyxxxyxxx
1:xxyxxxyxxy
1:xxyxxxyxyx
1:xxyxxxyxyy
1:xxyxxxyyxx
1:xxyxxxyyxy
1:xxyxxxyyyx
1:xxyxxxyyyy
1:xxyxxyxxxx
1:xxyxxyxxxy
1:xxyxxyxxyx
1:xxyxxyxxyy
1:xxyxxyxyxx
1:xxyxxyxyxy
1:xxyxxyxyyx
1:xxyxxyxyyy
1:xxyxxyyxxx
1:xxyxxyyxxy
1:xxyxxyyxyx
1:xxyxxyyxyy
1:xxyxxyyyxx
1:xxyxxyyyxy
1:xxyxxyyyyx
1:xxyxxyyyyy
1:xxyxyxxxxx
1:xxyxyxxxxy
1:xxyxyxxxyx
1:xxyxyxxxyy
1:xxyxyxxyxx
1:xxyxyxxyxy
1:xxyxyxxyyx
1:xxyxyxxyyy
1:xxyxyxyxxx
1:xxyxyxyxxy
1:xxyxyxyxyx
1:xxyxyxyxyy
1:xxyxyxyyxx
1:xxyxyxyyxy
1:xxyxyxyyyx
1:xxyxyxyyyy
1:xxyxyyxxxx
1:xxyxyyxxxy
1:xxyxyyxxyx
1:xxyxyyxxyy
1:xxyxyyxyxx
1:xxyxyyxyxy
1:xxyxyyxyyx
1:xxyxyyxyyy
1:xxyxyyyxxx
1:xxyxyyyxxy
1:xxyxyyyxyx
1:xxyxyyyxyy
1:xxyxyyyyxx
1:xxyxyyyyxy
1:xxyxyyyyyx
1:xxyxyyyyyy
1:xxyyxxxxxx
1:xxyyxxxxxy
1:xxyyxxxxyx
1:xxyyxxxxyy
1:xxyyxxxyxx
1:xxyyxxxyxy
1:xxyyxxxyyx
1:xxyyxxxyyy
1:xxyyxxyxxx
1:xxyyxxyxxy
1:xxyyxxyxyx
1:xxyyxxyxyy
1:xxyyxxyyxx
1:xxyyxxyyxy
1:xxyyxxyyyx
1:xxyyxxyyyy
1:xxyyxyxxxx
1:xxyyxyxxxy
1:xxyyxyxxyx
1:xxyyxyxxyy
1:xxyyxyxyxx
1:xxyyxyxyxy
1:xxyyxyxyyx
1:xxyyxyxyyy
1:xxyyxyyxxx
1:xxyyxyyxxy
1:xxyyxyyxyx
1:xxyyxyyxyy
1:xxyyxyyyxx
1:xxyyxyyyxy
1:xxyyxyyyyx
1:xxyyxyyyyy
1:xxyyyxxxxx
1:xxyyyxxxxy
1:xxyyyxxxyx
1:xxyyyxxxyy
1:xxyyyxxyxx
1:xxyyyxxyxy
1:xxyyyxxyyx
1:xxyyyxxyyy
1:xxyyyxyxxx
1:xxyyyxyxxy
1:xxyyyxyxyx
1:xxyyyxyxyy
1:xxyyyxyyxx
1:xxyyyxyyxy
1:xxyyyxyyyx
1:xxyyyxyyyy
1:xxyyyyxxxx
1:xxyyyyxxxy
1:xxyyyyxxyx
1:xxyyyyxxyy
1:xxyyyyxyxx
1:xxyyyyxyxy
1:xxyyyyxyyx
1:xxyyyyxyyy
1:xxyyyyyxxx
1:xxyyyyyxxy
1:xxyyyyyxyx
1:xxyyyyyxyy
1:xxyyyyyyxx
1:xxyyyyyyxy
1:xxyyyyyyyx
1:xxyyyyyyyy
1:xyxxxxxxxx
1:xyxxxxxxxy
1:xyxxxxxxyx
1:xyxxxxxxyy
1:xyxxxxxyxx
1:xyxxxxxyxy
1:xyxxxxxyyx
1:xyxxxxxyyy
1:xyxxxxyxxx
1:xyxxxxyxxy
1:xyxxxxyxyx
1:xyxxxxyxyy
1:xyxxxxyyxx
1:xyxxxxyyxy
1:xyxxxxyyyx
1:xyxxxxyyyy
1:xyxxxyxxxx
1:xyxxxyxxxy
1:xyxxxyxxyx
1:xyxxxyxxyy
1:xyxxxyxyxx
1:xyxxxyxyxy
1:xyxxxyxyyx
1:xyxxxyxyyy
1:xyxxxyyxxx
1:xyxxxyyxxy
1:xyxxxyyxyx
1:xyxxxyyxyy
1:xyxxxyyyxx
1:xyxxxyyyxy
1:xyxxxyyyyx
1:xyxxxyyyyy
1:xyxxyxxxxx
1:xyxxyxxxxy
1:xyxxyxxxyx
1:xyxxyxxxyy
1:xyxxyxxyxx
1:xyxxyxxyxy
1:xyxxyxxyyx
1:xyxxyxxyyy
1:xyxxyxyxxx
1:xyxxyxyxxy
1:xyxxyxyxyx
1:xyxxyxyxyy
1:xyxxyxyyxx
1:xyxxyxyyxy
1:xyxxyxyyyx
1:xyxxyxyyyy
1:xyxxyyxxxx
1:xyxxyyxxxy
1:xyxxyyxxyx
1:xyxxyyxxyy
1:xyxxyyxyxx
1:xyxxyyxyxy
1:xyxxyyxyyx
1:xyxxyyxyyy
1:xyxxyyyxxx
1:xyxxyyyxxy
1:xyxxyyyxyx
1:xyxxyyyxyy
1:xyxxyyyyxx
1:xyxxyyyyxy
1:xyxxyyyyyx
1:xyxxyyyyyy
1:xyxyxxxxxx
1:xyxyxxxxxy
1:xyxyxxxxyx
1:xyxyxxxxyy
1:xyxyxxxyxx
1:xyxyxxxyxy
1:xyxyxxxyyx
1:xyxyxxxyyy
1:xyxyxxyxxx
1:xyxyxxyxxy
1:xyxyxxyxyx
1:xyxyxxyxyy
1:xyxyxxyyxx
1:xyxyxxyyxy
1:xyxyxxyyyx
1:xyxyxxyyyy
1:xyxyxyxxxx
1:xyxyxyxxxy
1:xyxyxyxxyx
1:xyxyxyxxyy
1:xyxyxyxyxx
1:xyxyxyxyxy
1:xyxyxyxyyx
1:xyxyxyxyyy
1:xyxyxyyxxx
1:xyxyxyyxxy
1:xyxyxyyxyx
1:xyxyxyyxyy
1:xyxyxyyyxx
1:xyxyxyyyxy
1:xyxyxyyyyx
1:xyxyxyyyyy
1:xyxyyxxxxx
1:xyxyyxxxxy
1:xyxyyxxxyx
1:xyxyyxxxyy
1:xyxyyxxyxx
1:xyxyyxxyxy
1:xyxyyxxyyx
1:xyxyyxxyyy
1:xyxyyxyxxx
1:xyxyyxyxxy
1:xyxyyxyxyx
1:xyxyyxyxyy
1:xyxyyxyyxx
1:xyxyyxyyxy
1:xyxyyxyyyx
1:xyxyyxyyyy
1:xyxyyyxxxx
1:xyxyyyxxxy
1:xyxyyyxxyx
1:xyxyyyxxyy
1:xyxyyyxyxx
1:xyxyyyxyxy
1:xyxyyyxyyx
1:xyxyyyxyyy
1:xyxyyyyxxx
1:xyxyyyyxxy
1:xyxyyyyxyx
1:xyxyyyyxyy
1:xyxyyyyyxx
1:xyxyyyyyxy
1:xyxyyyyyyx
1:xyxyyyyyyy
1:xyyxxxxxxx
1:xyyxxxxxxy
1:xyyxxxxxyx
1:xyyxxxxxyy
1:xyyxxxxyxx
1:xyyxxxxyxy
1:xyyxxxxyyx
1:xyyxxxxyyy
1:xyyxxxyxxx
1:xyyxxxyxxy
1:xyyxxxyxyx
1:xyyxxxyxyy
1:xyyxxxyyxx
1:xyyxxxyyxy
1:xyyxxxyyyx
1:xyyxxxyyyy
1:xyyxxyxxxx
1:xyyxxyxxxy
1:xyyxxyxxyx
1:xyyxxyxxyy
1:xyyxxyxyxx
1:xyyxxyxyxy
1:xyyxxyxyyx
1:xyyxxyxyyy
1:xyyxxyyxxx
1:xyyxxyyxxy
1:xyyxxyyxyx
1:xyyxxyyxyy
1:xyyxxyyyxx
1:xyyxxyyyxy
1:xyyxxyyyyx
1:xyyxxyyyyy
1:xyyxyxxxxx
1:xyyxyxxxxy
1:xyyxyxxxyx
1:xyyxyxxxyy
1:xyyxyxxyxx
1:xyyxyxxyxy
1:xyyxyxxyyx
1:xyyxyxxyyy
1:xyyxyxyxxx
1:xyyxyxyxxy
1:xyyxyxyxyx
1:xyyxyxyxyy
1:xyyxyxyyxx
1:xyyxyxyyxy
1:xyyxyxyyyx
1:xyyxyxyyyy
1:xyyxyyxxxx
1:xyyxyyxxxy
1:xyyxyyxxyx
1:xyyxyyxxyy
1:xyyxyyxyxx
1:xyyxyyxyxy
1:xyyxyyxyyx
1:xyyxyyxyyy
1:xyyxyyyxxx
1:xyyxyyyxxy
1:xyyxyyyxyx
1:xyyxyyyxyy
1:xyyxyyyyxx
1:xyyxyyyyxy
1:xyyxyyyyyx
1:xyyxyyyyyy
1:xyyyxxxxxx
1:xyyyxxxxxy
1:xyyyxxxxyx
1:xyyyxxxxyy
1:xyyyxxxyxx
1:xyyyxxxyxy
1:xyyyxxxyyx
1:xyyyxxxyyy
1:xyyyxxyxxx
1:xyyyxxyxxy
1:xyyyxxyxyx
1:xyyyxxyxyy
1:xyyyxxyyxx
1:xyyyxxyyxy
1:xyyyxxyyyx
1:xyyyxxyyyy
1:xyyyxyxxxx
1:xyyyxyxxxy
1:xyyyxyxxyx
1:xyyyxyxxyy
1:xyyyxyxyxx
1:xyyyxyxyxy
1:xyyyxyxyyx
1:xyyyxyxyyy
1:xyyyxyyxxx
1:xyyyxyyxxy
1:xyyyxyyxyx
1:xyyyxyyxyy
1:xyyyxyyyxx
1:xyyyxyyyxy
1:xyyyxyyyyx
1:xyyyxyyyyy
1:xyyyyxxxxx
1:xyyyyxxxxy
1:xyyyyxxxyx
1:xyyyyxxxyy
1:xyyyyxxyxx
1:xyyyyxxyxy
1:xyyyyxxyyx
1:xyyyyxxyyy
1:xyyyyxyxxx
1:xyyyyxyxxy
1:xyyyyxyxyx
1:xyyyyxyxyy
1:xyyyyxyyxx
1:xyyyyxyyxy
1:xyyyyxyyyx
1:xyyyyxyyyy
1:xyyyyyxxxx
1:xyyyyyxxxy
1:xyyyyyxxyx
1:xyyyyyxxyy
1:xyyyyyxyxx
1:xyyyyyxyxy
1:xyyyyyxyyx
1:xyyyyyxyyy
1:xyyyyyyxxx
1:xyyyyyyxxy
1:xyyyyyyxyx
1:xyyyyyyxyy
1:xyyyyyyyxx
1:xyyyyyyyxy
1:xyyyyyyyyx
1:xyyyyyyyyy
2:xxxxxxxxx
2:xxxxxxxxy
2:xxxxxxxyx
2:xxxxxxxyy
2:xxxxxxyxx
2:xxxxxxyxy
2:xxxxxxyyx
2:xxxxxxyyy
2:xxxxxyxxx
2:xxxxxyxxy
2:xxxxxyxyx
2:xxxxxyxyy
2:xxxxxyyxx
2:xxxxxyyxy
2:xxxxxyyyx
2:xxxxxyyyy
2:xxxxyxxxx
2:xxxxyxxxy
2:xxxxyxxyx
2:xxxxyxxyy
2:xxxxyxyxx
2:xxxxyxyxy
2:xxxxyxyyx
2:xxxxyxyyy
2:xxxxyyxxx
2:xxxxyyxxy
2:xxxxyyxyx
2:xxxxyyxyy
2:xxxxyyyxx
2:xxxxyyyxy
2:xxxxyyyyx
2:xxxxyyyyy
2:xxxyxxxxx
2:xxxyxxxxy
2:xxxyxxxyx
2:xxxyxxxyy
2:xxxyxxyxx
2:xxxyxxyxy
2:xxxyxxyyx
2:xxxyxxyyy
2:xxxyxyxxx
2:xxxyxyxxy
2:xxxyxyxyx
2:xxxyxyxyy
2:xxxyxyyxx
2:xxxyxyyxy
2:xxxyxyyyx
2:xxxyxyyyy
2:xxxyyxxxx
2:xxxyyxxxy
2:xxxyyxxyx
2:xxxyyxxyy
2:xxxyyxyxx
2:xxxyyxyxy
2:xxxyyxyyx
2:xxxyyxyyy
2:xxxyyyxxx
2:xxxyyyxxy
2:xxxyyyxyx
2:xxxyyyxyy
2:xxxyyyyxx
2:xxxyyyyxy
2:xxxyyyyyx
2:xxxyyyyyy
2:xxyxxxxxx
2:xxyxxxxxy
2:xxyxxxxyx
2:xxyxxxxyy
2:xxyxxxyxx
2:xxyxxxyxy
2:xxyxxxyyx
2:xxyxxxyyy
2:xxyxxyxxx
2:xxyxxyxxy
2:xxyxxyxyx
2:xxyxxyxyy
2:xxyxxyyxx
2:xxyxxyyxy
2:xxyxxyyyx
2:xxyxxyyyy
2:xxyxyxxxx
2:xxyxyxxxy
2:xxyxyxxyx
2:xxyxyxxyy
2:xxyxyxyxx
2:xxyxyxyxy
2:xxyxyxyyx
2:xxyxyxyyy
2:xxyxyyxxx
2:xxyxyyxxy
2:xxyxyyxyx
2:xxyxyyxyy
2:xxyxyyyxx
2:xxyxyyyxy
2:xxyxyyyyx
2:xxyxyyyyy
2:xxyyxxxxx
2:xxyyxxxxy
2:xxyyxxxyx
2:xxyyxxxyy
2:xxyyxxyxx
2:xxyyxxyxy
2:xxyyxxyyx
2:xxyyxxyyy
2:xxyyxyxxx
2:xxyyxyxxy
2:xxyyxyxyx
2:xxyyxyxyy
2:xxyyxyyxx
2:xxyyxyyxy
2:xxyyxyyyx
2:xxyyxyyyy
2:xxyyyxxxx
2:xxyyyxxxy
2:xxyyyxxyx
2:xxyyyxxyy
2:xxyyyxyxx
2:xxyyyxyxy
2:xxyyyxyyx
2:xxyyyxyyy
2:xxyyyyxxx
2:xxyyyyxxy
2:xxyyyyxyx
2:xxyyyyxyy
2:xxyyyyyxx
2:xxyyyyyxy
2:xxyyyyyyx
2:xxyyyyyyy
2:xyxxxxxxx
2:xyxxxxxxy
2:xyxxxxxyx
2:xyxxxxxyy
2:xyxxxxyxx
2:xyxxxxyxy
2:xyxxxxyyx
2:xyxxxxyyy
2:xyxxxyxxx
2:xyxxxyxxy
2:xyxxxyxyx
2:xyxxxyxyy
2:xyxxxyyxx
2:xyxxxyyxy
2:xyxxxyyyx
2:xyxxxyyyy
2:xyxxyxxxx
2:xyxxyxxxy
2:xyxxyxxyx
2:xyxxyxxyy
2:xyxxyxyxx
2:xyxxyxyxy
2:xyxxyxyyx
2:xyxxyxyyy
2:xyxxyyxxx
2:xyxxyyxxy
2:xyxxyyxyx
2:xyxxyyxyy
2:xyxxyyyxx
2:xyxxyyyxy
2:xyxxyyyyx
2:xyxxyyyyy
2:xyxyxxxxx
2:xyxyxxxxy
2:xyxyxxxyx
2:xyxyxxxyy
2:xyxyxxyxx
2:xyxyxxyxy
2:xyxyxxyyx
2:xyxyxxyyy
2:xyxyxyxxx
2:xyxyxyxxy
2:xyxyxyxyx
2:xyxyxyxyy
2:xyxyxyyxx
2:xyxyxyyxy
2:xyxyxyyyx
2:xyxyxyyyy
2:xyxyyxxxx
2:xyxyyxxxy
2:xyxyyxxyx
2:xyxyyxxyy
2:xyxyyxyxx
2:xyxyyxyxy
2:xyxyyxyyx
2:xyxyyxyyy
2:xyxyyyxxx
2:xyxyyyxxy
2:xyxyyyxyx
2:xyxyyyxyy
2:xyxyyyyxx
2:xyxyyyyxy
2:xyxyyyyyx
2:xyxyyyyyy
2:xyyxxxxxx
2:xyyxxxxxy
2:xyyxxxxyx
2:xyyxxxxyy
2:xyyxxxyxx
2:xyyxxxyxy
2:xyyxxxyyx
2:xyyxxxyyy
2:xyyxxyxxx
2:xyyxxyxxy
2:xyyxxyxyx
2:xyyxxyxyy
2:xyyxxyyxx
2:xyyxxyyxy
2:xyyxxyyyx
2:xyyxxyyyy
2:xyyxyxxxx
2:xyyxyxxxy
2:xyyxyxxyx
2:xyyxyxxyy
2:xyyxyxyxx
2:xyyxyxyxy
2:xyyxyxyyx
2:xyyxyxyyy
2:xyyxyyxxx
2:xyyxyyxxy
2:xyyxyyxyx
2:xyyxyyxyy
2:xyyxyyyxx
2:xyyxyyyxy
2:xyyxyyyyx
2:xyyxyyyyy
2:xyyyxxxxx
2:xyyyxxxxy
2:xyyyxxxyx
2:xyyyxxxyy
2:xyyyxxyxx
2:xyyyxxyxy
2:xyyyxxyyx
2:xyyyxxyyy
2:xyyyxyxxx
2:xyyyxyxxy
2:xyyyxyxyx
2:xyyyxyxyy
2:xyyyxyyxx
2:xyyyxyyxy
2:xyyyxyyyx
2:xyyyxyyyy
2:xyyyyxxxx
2:xyyyyxxxy
2:xyyyyxxyx
2:xyyyyxxyy
2:xyyyyxyxx
2:xyyyyxyxy
2:xyyyyxyyx
2:xyyyyxyyy
2:xyyyyyxxx
2:xyyyyyxxy
2:xyyyyyxyx
2:xyyyyyxyy
2:xyyyyyyxx
2:xyyyyyyxy
2:xyyyyyyyx
2:xyyyyyyyy
3:xxxxxxxx
3:xxxxxxxy
3:xxxxxxyx
3:xxxxxxyy
3:xxxxxyxx
3:xxxxxyxy
3:xxxxxyyx
3:xxxxxyyy
3:xxxxyxxx
3:xxxxyxxy
3:xxxxyxyx
3:xxxxyxyy
3:xxxxyyxx
3:xxxxyyxy
3:xxxxyyyx
3:xxxxyyyy
3:xxxyxxxx
3:xxxyxxxy
3:xxxyxxyx
3:xxxyxxyy
3:xxxyxyxx
3:xxxyxyxy
3:xxxyxyyx
3:xxxyxyyy
3:xxxyyxxx
3:xxxyyxxy
3:xxxyyxyx
3:xxxyyxyy
3:xxxyyyxx
3:xxxyyyxy
3:xxxyyyyx
3:xxxyyyyy
3:xxyxxxxx
3:xxyxxxxy
3:xxyxxxyx
3:xxyxxxyy
3:xxyxxyxx
3:xxyxxyxy
3:xxyxxyyx
3:xxyxxyyy
3:xxyxyxxx
3:xxyxyxxy
3:xxyxyxyx
3:xxyxyxyy
3:xxyxyyxx
3:xxyxyyxy
3:xxyxyyyx
3:xxyxyyyy
3:xxyyxxxx
3:xxyyxxxy
3:xxyyxxyx
3:xxyyxxyy
3:xxyyxyxx
3:xxyyxyxy
3:xxyyxyyx
3:xxyyxyyy
3:xxyyyxxx
3:xxyyyxxy
3:xxyyyxyx
3:xxyyyxyy
3:xxyyyyxx
3:xxyyyyxy
3:xxyyyyyx
3:xxyyyyyy
3:xyxxxxxx
3:xyxxxxxy
3:xyxxxxyx
3:xyxxxxyy
3:xyxxxyxx
3:xyxxxyxy
3:xyxxxyyx
3:xyxxxyyy
3:xyxxyxxx
3:xyxxyxxy
3:xyxxyxyx
3:xyxxyxyy
3:xyxxyyxx
3:xyxxyyxy
3:xyxxyyyx
3:xyxxyyyy
3:xyxyxxxx
3:xyxyxxxy
3:xyxyxxyx
3:xyxyxxyy
3:xyxyxyxx
3:xyxyxyxy
3:xyxyxyyx
3:xyxyxyyy
3:xyxyyxxx
3:xyxyyxxy
3:xyxyyxyx
3:xyxyyxyy
3:xyxyyyxx
3:xyxyyyxy
3:xyxyyyyx
3:xyxyyyyy
3:xyyxxxxx
3:xyyxxxxy
3:xyyxxxyx
3:xyyxxxyy
3:xyyxxyxx
3:xyyxxyxy
3:xyyxxyyx
3:xyyxxyyy
3:xyyxyxxx
3:xyyxyxxy
3:xyyxyxyx
3:xyyxyxyy
3:xyyxyyxx
3:xyyxyyxy
3:xyyxyyyx
3:xyyxyyyy
3:xyyyxxxx
3:xyyyxxxy
3:xyyyxxyx
3:xyyyxxyy
3:xyyyxyxx
3:xyyyxyxy
3:xyyyxyyx
3:xyyyxyyy
3:xyyyyxxx
3:xyyyyxxy
3:xyyyyxyx
3:xyyyyxyy
3:xyyyyyxx
3:xyyyyyxy
3:xyyyyyyx
3:xyyyyyyy
4:xxxxxxx
4:xxxxxxy
4:xxxxxyx
4:xxxxxyy
4:xxxxyxx
4:xxxxyxy
4:xxxxyyx
4:xxxxyyy
4:xxxyxxx
4:xxxyxxy
4:xxxyxyx
4:xxxyxyy
4:xxxyyxx
4:xxxyyxy
4:xxxyyyx
4:xxxyyyy
4:xxyxxxx
4:xxyxxxy
4:xxyxxyx
4:xxyxxyy
4:xxyxyxx
4:xxyxyxy
4:xxyxyyx
4:xxyxyyy
4:xxyyxxx
4:xxyyxxy
4:xxyyxyx
4:xxyyxyy
4:xxyyyxx
4:xxyyyxy
4:xxyyyyx
4:xxyyyyy
4:xyxxxxx
4:xyxxxxy
4:xyxxxyx
4:xyxxxyy
4:xyxxyxx
4:xyxxyxy
4:xyxxyyx
4:xyxxyyy
4:xyxyxxx
4:xyxyxxy
4:xyxyxyx
4:xyxyxyy
4:xyxyyxx
4:xyxyyxy
4:xyxyyyx
4:xyxyyyy
4:xyyxxxx
4:xyyxxxy
4:xyyxxyx
4:xyyxxyy
4:xyyxyxx
4:xyyxyxy
4:xyyxyyx
4:xyyxyyy
4:xyyyxxx
4:xyyyxxy
4:xyyyxyx
4:xyyyxyy
4:xyyyyxx
4:xyyyyxy
4:xyyyyyx
4:xyyyyyy
5:xxxxxx
5:xxxxxy
5:xxxxyx
5:xxxxyy
5:xxxyxx
5:xxxyxy
5:xxxyyx
5:xxxyyy
5:xxyxxx
5:xxyxxy
5:xxyxyx
5:xxyxyy
5:xxyyxx
5:xxyyxy
5:xxyyyx
5:xxyyyy
5:xyxxxx
5:xyxxxy
5:xyxxyx
5:xyxxyy
5:xyxyxx
5:xyxyxy
5:xyxyyx
5:xyxyyy
5:xyyxxx
5:xyyxxy
5:xyyxyx
5:xyyxyy
5:xyyyxx
5:xyyyxy
5:xyyyyx
5:xyyyyy
6:xxxxx
6:xxxxy
6:xxxyx
6:xxxyy
6:xxyxx
6:xxyxy
6:xxyyx
6:xxyyy
6:xyxxx
6:xyxxy
6:xyxyx
6:xyxyy
6:xyyxx
6:xyyxy
6:xyyyx
6:xyyyy
7:xxxx
7:xxxy
7:xxyx
7:xxyy
7:xyxx
7:xyxy
7:xyyx
7:xyyy
8:xxx
8:xxy
8:xyx
8:xyy
9:xx
9:xy
10:x
